// Jest Snapshot v1, https://goo.gl/fbAQLP

exports[`People tests default renderer 1`] = `
<div
  className="People"
>
  <ForwardRef(WithStyles)
    disableSubmit={true}
    onClose={[MockFunction]}
    onSubmit={[MockFunction]}
    open={true}
    title={
      <FormattedMessage
        defaultMessage="People"
        id="cboard.components.Settings.People.people"
        values={Object {}}
      />
    }
  >
    <ForwardRef(WithStyles)>
      <ForwardRef(WithStyles)>
        <ForwardRef(WithStyles)>
          <UNDEFINED />
          <ForwardRef(WithStyles)
            primary=""
          />
          <ForwardRef(WithStyles)
            className="Settings--secondaryAction"
          >
            <ForwardRef(WithStyles)
              color="secondary"
              component={
                Object {
                  "$$typeof": Symbol(react.forward_ref),
                  "displayName": "Link",
                  "propTypes": Object {
                    "innerRef": [Function],
                    "onClick": [Function],
                    "replace": [Function],
                    "target": [Function],
                    "to": [Function],
                  },
                  "render": [Function],
                }
              }
              disabled={true}
              to="/"
            >
              <FormattedMessage
                defaultMessage="Logout"
                id="cboard.components.Settings.People.logout"
                values={Object {}}
              />
            </ForwardRef(WithStyles)>
          </ForwardRef(WithStyles)>
        </ForwardRef(WithStyles)>
        <ForwardRef(WithStyles)>
          <ForwardRef(WithStyles)
            primary={
              <FormattedMessage
                defaultMessage="Name"
                id="cboard.components.Settings.People.name"
                values={Object {}}
              />
            }
            secondary={
              <FormattedMessage
                defaultMessage="Update your user name"
                id="cboard.components.Settings.People.nameSecondary"
                values={Object {}}
              />
            }
          />
          <ForwardRef(WithStyles)
            className="Settings--secondaryAction"
          >
            <ForwardRef(WithStyles)
              disabled={true}
              id="user-name"
              label={
                <FormattedMessage
                  defaultMessage="Name"
                  id="cboard.components.Settings.People.name"
                  values={Object {}}
                />
              }
              margin="normal"
              value=""
            />
          </ForwardRef(WithStyles)>
        </ForwardRef(WithStyles)>
        <ForwardRef(WithStyles)>
          <ForwardRef(WithStyles)
            primary={
              <FormattedMessage
                defaultMessage="Email"
                id="cboard.components.Settings.People.email"
                values={Object {}}
              />
            }
            secondary={
              <FormattedMessage
                defaultMessage="Update your user email"
                id="cboard.components.Settings.People.emailSecondary"
                values={Object {}}
              />
            }
          />
          <ForwardRef(WithStyles)
            className="Settings--secondaryAction"
          >
            <ForwardRef(WithStyles)
              className="Settings--secondaryAction--textField"
              disabled={true}
              id="user-email"
              label={
                <FormattedMessage
                  defaultMessage="Email"
                  id="cboard.components.Settings.People.email"
                  values={Object {}}
                />
              }
              margin="normal"
              value=""
            />
          </ForwardRef(WithStyles)>
        </ForwardRef(WithStyles)>
        <ForwardRef(WithStyles)>
          <ForwardRef(WithStyles)
            primary={
              <FormattedMessage
                defaultMessage="Birth Date"
                id="cboard.components.Settings.People.birthdate"
                values={Object {}}
              />
            }
            secondary={
              <FormattedMessage
                defaultMessage="Update your birth date"
                id="cboard.components.Settings.People.birthdateSecondary"
                values={Object {}}
              />
            }
          />
          <ForwardRef(WithStyles)
            className="Settings--secondaryAction"
          >
            <ForwardRef(WithStyles)
              InputLabelProps={
                Object {
                  "shrink": true,
                }
              }
              className="Settings--secondaryAction--textField"
              disabled={true}
              id="user-birthdate"
              label={
                <FormattedMessage
                  defaultMessage="Birth Date"
                  id="cboard.components.Settings.People.birthdate"
                  values={Object {}}
                />
              }
              type="date"
              value=""
            />
          </ForwardRef(WithStyles)>
        </ForwardRef(WithStyles)>
      </ForwardRef(WithStyles)>
    </ForwardRef(WithStyles)>
  </ForwardRef(WithStyles)>
</div>
`;
