// Jest Snapshot v1, https://goo.gl/fbAQLP

exports[`About tests default renderer 1`] = `
<ForwardRef(WithStyles)
  onClose={[Function]}
  open={true}
  title={
    <FormattedMessage
      defaultMessage="About"
      id="cboard.components.About.about"
      values={Object {}}
    />
  }
>
  <ForwardRef(WithStyles)>
    <FullScreenDialogContent>
      <ForwardRef(WithStyles)
        variant="body1"
      >
        <FormattedMessage
          defaultMessage="Cboard is an augmentative and alternative communication (AAC) web application, allowing people with speech and language impairments to communicate by symbols and text-to-speech."
          id="cboard.components.About.intro"
          values={Object {}}
        />
      </ForwardRef(WithStyles)>
      <ForwardRef(WithStyles)
        variant="h5"
      >
        <FormattedMessage
          defaultMessage="Contributors"
          id="cboard.components.About.contributors"
          values={Object {}}
        />
      </ForwardRef(WithStyles)>
      <ForwardRef(WithStyles)
        headlineMapping={
          Object {
            "body1": "div",
          }
        }
        variant="body1"
      >
        <ul>
          <li>
            <a
              href="https://twitter.com/amberleyjohanna"
            >
              Amberley Romo
            </a>
          </li>
          <li>
            <a
              href="https://twitter.com/_arthurdenner"
            >
              Arthur Denner
            </a>
          </li>
          <li>
            <a
              href="https://twitter.com/hwk73"
            >
              Arijit Bhattacharya
            </a>
          </li>
          <li>
            <a
              href="https://github.com/BrendanFDMoore"
            >
              Brendan Moore
            </a>
          </li>
          <li>
            <a
              href="https://twitter.com/jvuillermet"
            >
              Jeremy Vuillermet
            </a>
          </li>
          <li>
            <a
              href="https://twitter.com/jquintozamora"
            >
              Jose Quinto
            </a>
          </li>
          <li>
            <a
              href="https://github.com/martinbedouret"
            >
              Martin Bedouret
            </a>
          </li>
          <li>
            <a
              href="https://github.com/shayc"
            >
              Shay Cojocaru
            </a>
          </li>
        </ul>
      </ForwardRef(WithStyles)>
      <ForwardRef(WithStyles)
        variant="h5"
      >
        <FormattedMessage
          defaultMessage="Resources"
          id="cboard.components.About.resources"
          values={Object {}}
        />
      </ForwardRef(WithStyles)>
      <ForwardRef(WithStyles)
        headlineMapping={
          Object {
            "body1": "div",
          }
        }
        variant="body1"
      >
        <ul>
          <li>
            <a
              href="https://openassistive.org/awesome-assistivetech/"
            >
              Awesome Assistivetech
            </a>
             
            - A curated list of
             
            <span
              aria-label="cool"
              role="img"
            >
              ðŸ˜Ž
            </span>
             
            awesome Assistive Technology frameworks and tools to help you develop your AT tool/system.
          </li>
        </ul>
      </ForwardRef(WithStyles)>
      <ForwardRef(WithStyles)
        variant="h5"
      >
        <FormattedMessage
          defaultMessage="License"
          id="cboard.components.About.license"
          values={Object {}}
        />
      </ForwardRef(WithStyles)>
      <ForwardRef(WithStyles)
        headlineMapping={
          Object {
            "body1": "div",
          }
        }
        variant="body1"
      >
        <ul>
          <li>
            Code -
             
            <a
              href="https://github.com/shayc/cboard/blob/master/LICENSE"
            >
              GPLv3
            </a>
          </li>
          <li>
            Mulberry Symbols -
             
            <a
              href="https://creativecommons.org/licenses/by-sa/2.0/uk/"
            >
              CC BY-SA
            </a>
          </li>
        </ul>
      </ForwardRef(WithStyles)>
    </FullScreenDialogContent>
  </ForwardRef(WithStyles)>
</ForwardRef(WithStyles)>
`;
