// Jest Snapshot v1, https://goo.gl/fbAQLP

exports[`TextField tests default renderer 1`] = `
<ForwardRef(WithStyles)
  className=""
  error={true}
>
  <ForwardRef(WithStyles)
    error={true}
  />
  <ForwardRef(WithStyles)>
    myerror
  </ForwardRef(WithStyles)>
</ForwardRef(WithStyles)>
`;
